// Jest Snapshot v1, https://goo.gl/fbAQLP

exports[`should render ActionButton correctly 1`] = `
<div
  className="fab-container"
>
  <WithStyles(ForwardRef(Fab))
    aria-label="add"
    color="primary"
  >
    <CreateIcon
      fontSize="large"
    />
  </WithStyles(ForwardRef(Fab))>
</div>
`;
