// Jest Snapshot v1, https://goo.gl/fbAQLP

exports[`should render AddPage correctly 1`] = `
<div
  className="content-container"
>
  <BlogForm
    uid=""
  />
</div>
`;
