// Jest Snapshot v1, https://goo.gl/fbAQLP

exports[`Should render EditPage correctly 1`] = `
<div
  className="content-container"
>
  <BlogForm
    history={
      Object {
        "action": "POP",
        "block": [Function],
        "createHref": [Function],
        "go": [Function],
        "goBack": [Function],
        "goForward": [Function],
        "length": 1,
        "listen": [Function],
        "location": Object {
          "hash": "",
          "pathname": "/",
          "search": "",
          "state": undefined,
        },
        "push": [Function],
        "replace": [Function],
      }
    }
    mode="edit"
    uid="testUID"
  />
</div>
`;
